DEBUG: parseAliases called with 43 tokens
DEBUG: Adding alias 'shift' -> 'lsft'
DEBUG: Parsed tap action: 'lsft' hold action: 'nil'
DEBUG: Adding alias 'control' -> 'lctl'
DEBUG: Parsed tap action: 'lctl' hold action: 'nil'
DEBUG: Adding alias 'option' -> 'lalt'
DEBUG: Parsed tap action: 'lalt' hold action: 'nil'
DEBUG: Adding alias 'command' -> 'lmet'
DEBUG: Parsed tap action: 'lmet' hold action: 'nil'
DEBUG: Adding alias 'rshift' -> 'rsft'
DEBUG: Parsed tap action: 'rsft' hold action: 'nil'
DEBUG: Adding alias 'rcontrol' -> 'rctl'
DEBUG: Parsed tap action: 'rctl' hold action: 'nil'
DEBUG: Adding alias 'roption' -> 'ralt'
DEBUG: Parsed tap action: 'ralt' hold action: 'nil'
DEBUG: Adding alias 'rcommand' -> 'rmet'
DEBUG: Parsed tap action: 'rmet' hold action: 'nil'
DEBUG: Adding alias 'tap' -> '(multi (layer-switch nomods) (on-idle-fakekey to-base tap 20) )'
DEBUG: Parsed tap action: '(multi (layer-switch nomods) (on-idle-fakekey to-base tap 20) )' hold action: 'nil'
DEBUG: Adding alias 'esc' -> '(tap-hold-release-keys 150 200 esc (caps-word 2000) ())'
DEBUG: Parsed tap action: 'esc' hold action: 'caps-word'
DEBUG: Adding alias 'spc' -> '(tap-hold-release-keys $tap-time $hold-time (multi spc @tap) (layer-toggle f-nav) ())'
DEBUG: Parsed tap action: 'spc' hold action: 'layer'
DEBUG: Adding alias 'a' -> '(tap-hold-release-keys $a-tap-time $a-hold-time (multi a @tap) @shift $left-hand-keys)'
DEBUG: Parsed tap action: 'a' hold action: '@shift'
DEBUG: Adding alias 's' -> '(tap-hold-release-keys $tap-time $hold-time (multi s @tap) @control $left-hand-keys)'
DEBUG: Parsed tap action: 's' hold action: '@control'
DEBUG: Adding alias 'd' -> '(tap-hold-release-keys $tap-time $hold-time (multi d @tap) @option $left-hand-keys)'
DEBUG: Parsed tap action: 'd' hold action: '@option'
DEBUG: Adding alias 'f' -> '(tap-hold-release-keys $tap-time $hold-time (multi f @tap) (layer-toggle f-nav) $left-hand-keys)'
DEBUG: Parsed tap action: 'f' hold action: 'layer'
DEBUG: Adding alias 'g' -> '(tap-hold-release-keys $tap-time $hold-time (multi g @tap) @command $left-hand-keys)'
DEBUG: Parsed tap action: 'g' hold action: '@command'
DEBUG: Adding alias 'j' -> '(tap-hold-release-keys $tap-time $hold-time (multi j @tap) @rcommand $right-hand-keys)'
DEBUG: Parsed tap action: 'j' hold action: '@rcommand'
DEBUG: Adding alias 'k' -> '(tap-hold-release-keys $tap-time $hold-time (multi k @tap) @roption $right-hand-keys)'
DEBUG: Parsed tap action: 'k' hold action: '@roption'
DEBUG: Adding alias 'l' -> '(tap-hold-release-keys $tap-time $hold-time (multi l @tap) @rcontrol $right-hand-keys)'
DEBUG: Parsed tap action: 'l' hold action: '@rcontrol'
DEBUG: Adding alias ';' -> '(tap-hold-release-keys $tap-time $hold-time (multi ; @tap) @rshift $right-hand-keys)'
DEBUG: Parsed tap action: ';' hold action: '@rshift'
DEBUG: Adding alias 'fnav_h' -> 'left'
DEBUG: Parsed tap action: 'left' hold action: 'nil'
DEBUG: Total aliases loaded: 21
DEBUG: FNAV alias 'fnav_h' -> 'left'
=== PARSING SUMMARY ===
✅ Parsed 21 aliases, 4 layers
🔍 Validating aliases for display compatibility...
=======================
Loaded config 'config.kbd' with 4 layers
DEBUG: Processing alias 'a' for key 'a' with holdAction: '@shift'
DEBUG: Resolved alias '@shift' to 'lsft'
DEBUG: System keycode mapping - keycode 56 -> physical key 'a' for modifier 'shift'
DEBUG: Modifier mapping - a -> shift
DEBUG: Processing alias 's' for key 's' with holdAction: '@control'
DEBUG: Resolved alias '@control' to 'lctl'
DEBUG: System keycode mapping - keycode 59 -> physical key 's' for modifier 'control'
DEBUG: Modifier mapping - s -> control
DEBUG: Processing alias 'd' for key 'd' with holdAction: '@option'
DEBUG: Resolved alias '@option' to 'lalt'
DEBUG: System keycode mapping - keycode 58 -> physical key 'd' for modifier 'option'
DEBUG: Modifier mapping - d -> option
DEBUG: Processing alias 'f' for key 'f' with holdAction: 'layer'
DEBUG: Failed to get system keycode for modifier 'layer' and physical key 'f'
DEBUG: Modifier mapping - f -> layer
DEBUG: Processing alias 'g' for key 'g' with holdAction: '@comman